src/components/TallyIntegration/TallyGroupUI/TallyGroupView.tsx(6678,13): error TS1005: ')' expected.
src/components/TallyIntegration/TallyGroupUI/TallyGroupView.tsx(6679,13): error TS2657: JSX expressions must have one parent element.
src/components/TallyIntegration/TallyGroupUI/TallyGroupView.tsx(6748,9): error TS1128: Declaration or statement expected.
src/components/TallyIntegration/TallyGroupUI/TallyGroupView.tsx(6749,5): error TS1109: Expression expected.
src/components/TallyIntegration/TallyGroupUI/TallyGroupView.tsx(6750,1): error TS1128: Declaration or statement expected.
